// Jest Snapshot v1, https://goo.gl/fbAQLP

exports[`should take a snapshot 1`] = `
<DocumentFragment>
  <div
    class="app"
  >
    <nav
      class="header"
    >
      <a
        href="#/"
      >
        <img
          alt="Atrask Save"
          src="/assets/logo.png"
        />
      </a>
    </nav>
    <div
      class="landingPage"
    >
      <img
        alt="hoop"
        class="basketHoop"
        src="/assets/basketHoop.svg"
      />
      <div
        class="content"
      >
        <h1
          class="heroText"
          style="opacity: 0; transform: none;"
        >
          Atrask savo 
          <br />
          <b>
            Sportą
          </b>
        </h1>
        <img
          alt="Pradėti"
          class="basketBall"
          src="/assets/basketBall.svg"
          style="opacity: 0; transform: none; border-radius: 0px;"
        />
      </div>
    </div>
  </div>
</DocumentFragment>
`;
